04-28 21:18:14.892  3123  3123 W AndroidKeysetManager: 	at com.united.mobile.android.booking.repository.sharedrepository.BookingSharedRepositoryImpl$sharedPreference$2.invoke(BookingSharedRepositoryImpl.kt:433)
04-28 21:18:14.892  3123  3123 W AndroidKeysetManager: 	at kotlin.SynchronizedLazyImpl.getValue(LazyJVM.kt:74)
04-28 21:18:14.892  3123  3123 W AndroidKeysetManager: 	at com.united.mobile.android.booking.repository.sharedrepository.BookingSharedRepositoryImpl.getSharedPreference(BookingSharedRepositoryImpl.kt:433)
04-28 21:18:14.892  3123  3123 W AndroidKeysetManager: 	at com.united.mobile.android.booking.repository.sharedrepository.BookingSharedRepositoryImpl.removeKey(BookingSharedRepositoryImpl.kt:484)
04-28 21:18:14.892  3123  3123 W AndroidKeysetManager: 	at com.united.mobile.android.ui.main.MainActivity.onResume(MainActivity.kt:311)
04-28 21:18:14.892  3123  3123 W AndroidKeysetManager: 	at android.app.Instrumentation.callActivityOnResume(Instrumentation.java:1412)
04-28 21:18:14.892  3123  3123 W AndroidKeysetManager: 	at android.app.Activity.performResume(Activity.java:7292)
04-28 21:18:14.892  3123  3123 W AndroidKeysetManager: 	at android.app.ActivityThread.performResumeActivity(ActivityThread.java:3776)
04-28 21:18:14.892  3123  3123 W AndroidKeysetManager: 	at android.app.ActivityThread.handleResumeActivity(ActivityThread.java:3816)
04-28 21:18:14.892  3123  3123 W AndroidKeysetManager: 	at android.app.servertransaction.ResumeActivityItem.execute(ResumeActivityItem.java:51)
04-28 21:18:14.892  3123  3123 W AndroidKeysetManager: 	at android.app.servertransaction.TransactionExecutor.executeLifecycleState(TransactionExecutor.java:145)
04-28 21:18:14.892  3123  3123 W AndroidKeysetManager: 	at android.app.servertransaction.TransactionExecutor.execute(TransactionExecutor.java:70)
04-28 21:18:14.892  3123  3123 W AndroidKeysetManager: 	at android.app.ActivityThread$H.handleMessage(ActivityThread.java:1808)
04-28 21:18:14.892  3123  3123 W AndroidKeysetManager: 	at android.os.Handler.dispatchMessage(Handler.java:106)
04-28 21:18:14.892  3123  3123 W AndroidKeysetManager: 	at android.os.Looper.loop(Looper.java:193)
04-28 21:18:14.892  3123  3123 W AndroidKeysetManager: 	at android.app.ActivityThread.main(ActivityThread.java:6669)
04-28 21:18:14.892  3123  3123 W AndroidKeysetManager: 	at java.lang.reflect.Method.invoke(Native Method)
04-28 21:18:14.892  3123  3123 W AndroidKeysetManager: 	at com.android.internal.os.RuntimeInit$MethodAndArgsCaller.run(RuntimeInit.java:493)
04-28 21:18:14.892  3123  3123 W AndroidKeysetManager: 	at com.android.internal.os.ZygoteInit.main(ZygoteInit.java:858)
04-28 21:18:14.907  3123  3123 W BMP:MotionListener: Unreliable motion sensors data...
04-28 21:18:14.908  3123  3123 W BMP:OrientationListener: Unreliable orientation sensor data...
04-28 21:18:14.920  3123  3123 E [Storyly] : EmojiCompat initialization failed:provider not found
04-28 21:18:14.982  3123  3301 E chromium: [ERROR:gl_surface_egl.cc(320)] eglChooseConfig failed with error EGL_SUCCESS
04-28 21:18:15.058  3123  3218 D EGL_emulation: eglMakeCurrent: 0x797bb9bf8ce0: ver 2 0 (tinfo 0x797bb00e35c0)
04-28 21:18:15.061  3123  3301 D EGL_emulation: eglCreateContext: 0x797bb3642520: maj 2 min 0 rcv 2
04-28 21:18:15.062  3123  3186 W .mobile.androi: Long monitor contention with owner arch_disk_io_1 (3176) at void java.lang.Object.wait(long, int)(Object.java:-2) waiters=0 in void androidx.room.InvalidationTracker.syncTriggers$room_runtime_release(androidx.sqlite.db.SupportSQLiteDatabase) for 321ms
04-28 21:18:15.062  3123  3301 D EGL_emulation: eglMakeCurrent: 0x797bb3642520: ver 2 0 (tinfo 0x797b94be2940)
04-28 21:18:15.113  3123  3218 D EGL_emulation: eglMakeCurrent: 0x797bb9bf8ce0: ver 2 0 (tinfo 0x797bb00e35c0)
04-28 21:18:15.407  3123  3123 W AndroidKeysetManager: keyset not found, will generate a new one
04-28 21:18:15.407  3123  3123 W AndroidKeysetManager: java.io.FileNotFoundException: can't read keyset; the pref value __androidx_security_crypto_encrypted_prefs_key_keyset__ does not exist
04-28 21:18:15.407  3123  3123 W AndroidKeysetManager: 	at com.google.crypto.tink.integration.android.SharedPrefKeysetReader.readPref(SharedPrefKeysetReader.java:71)
04-28 21:18:15.407  3123  3123 W AndroidKeysetManager: 	at com.google.crypto.tink.integration.android.SharedPrefKeysetReader.readEncrypted(SharedPrefKeysetReader.java:89)
04-28 21:18:15.407  3123  3123 W AndroidKeysetManager: 	at com.google.crypto.tink.KeysetHandle.read(KeysetHandle.java:105)
04-28 21:18:15.407  3123  3123 W AndroidKeysetManager: 	at com.google.crypto.tink.integration.android.AndroidKeysetManager$Builder.read(AndroidKeysetManager.java:304)
04-28 21:18:15.407  3123  3123 W AndroidKeysetManager: 	at com.google.crypto.tink.integration.android.AndroidKeysetManager$Builder.readOrGenerateNewKeyset(AndroidKeysetManager.java:280)
04-28 21:18:15.407  3123  3123 W AndroidKeysetManager: 	at com.google.crypto.tink.integration.android.AndroidKeysetManager$Builder.build(AndroidKeysetManager.java:230)
04-28 21:18:15.407  3123  3123 W AndroidKeysetManager: 	at androidx.security.crypto.EncryptedSharedPreferences.create(EncryptedSharedPreferences.java:121)
04-28 21:18:15.407  3123  3123 W AndroidKeysetManager: 	at com.united.mobile.android.appcore.repository.profilepicture.ProfilePictureServiceRepository$Companion.getSharedPreferences(ProfilePictureServiceRepository.kt:52)
04-28 21:18:15.407  3123  3123 W AndroidKeysetManager: 	at com.united.mobile.android.appcore.repository.profilepicture.ProfilePictureServiceRepository$Companion.getProfilePictureServiceRepository(ProfilePictureServiceRepository.kt:44)
04-28 21:18:15.407  3123  3123 W AndroidKeysetManager: 	at com.united.mobile.android.appcore.repository.profilepicture.ProfilePictureServiceRepository$Companion.getInstance(ProfilePictureServiceRepository.kt:38)
04-28 21:18:15.407  3123  3123 W AndroidKeysetManager: 	at com.united.mobile.android.login.ui.main.LoginViewModelFactory.provideViewModel(LoginViewModelFactory.kt:49)
04-28 21:18:15.407  3123  3123 W AndroidKeysetManager: 	at com.united.mobile.android.login.ui.main.LoginFragment$viewModel$2$invoke$$inlined$obtainViewModel$1.create(BaseFragment.kt:191)
04-28 21:18:15.407  3123  3123 W AndroidKeysetManager: 	at androidx.lifecycle.ViewModelProvider$Factory.create(ViewModelProvider.kt:83)
04-28 21:18:15.407  3123  3123 W AndroidKeysetManager: 	at androidx.lifecycle.ViewModelProvider.get(ViewModelProvider.kt:187)
04-28 21:18:15.407  3123  3123 W AndroidKeysetManager: 	at androidx.lifecycle.ViewModelProvider.get(ViewModelProvider.kt:153)
04-28 21:18:15.407  3123  3123 W AndroidKeysetManager: 	at com.united.mobile.android.login.ui.main.LoginFragment$viewModel$2.invoke(LoginFragment.kt:516)
04-28 21:18:15.407  3123  3123 W AndroidKeysetManager: 	at com.united.mobile.android.login.ui.main.LoginFragment$viewModel$2.invoke(LoginFragment.kt:64)
04-28 21:18:15.407  3123  3123 W AndroidKeysetManager: 	at kotlin.SynchronizedLazyImpl.getValue(LazyJVM.kt:74)
04-28 21:18:15.407  3123  3123 W AndroidKeysetManager: 	at com.united.mobile.android.login.ui.main.LoginFragment.getViewModel(LoginFragment.kt:64)
04-28 21:18:15.407  3123  3123 W AndroidKeysetManager: 	at com.united.mobile.android.login.ui.main.LoginFragment.configureViewModel(LoginFragment.kt:232)
04-28 21:18:15.407  3123  3123 W AndroidKeysetManager: 	at com.united.mobile.android.login.ui.main.LoginFragment.onViewCreated(LoginFragment.kt:86)
04-28 21:18:15.407  3123  3123 W AndroidKeysetManager: 	at androidx.fragment.app.Fragment.performViewCreated(Fragment.java:3128)
04-28 21:18:15.407  3123  3123 W AndroidKeysetManager: 	at androidx.fragment.app.FragmentStateManager.createView(FragmentStateManager.java:552)
04-28 21:18:15.407  3123  3123 W AndroidKeysetManager: 	at androidx.fragment.app.FragmentStateManager.moveToExpectedState(FragmentStateManager.java:261)
04-28 21:18:15.407  3123  3123 W AndroidKeysetManager: 	at androidx.fragment.app.FragmentManager.executeOpsTogether(FragmentManager.java:1899)
04-28 21:18:15.407  3123  3123 W AndroidKeysetManager: 	at androidx.fragment.app.FragmentManager.removeRedundantOperationsAndExecute(FragmentManager.java:1823)
04-28 21:18:15.407  3123  3123 W AndroidKeysetManager: 	at androidx.fragment.app.FragmentManager.execPendingActions(FragmentManager.java:1760)
04-28 21:18:15.407  3123  3123 W AndroidKeysetManager: 	at androidx.fragment.app.FragmentManager$5.run(FragmentManager.java:547)
04-28 21:18:15.407  3123  3123 W AndroidKeysetManager: 	at android.os.Handler.handleCallback(Handler.java:873)
04-28 21:18:15.407  3123  3123 W AndroidKeysetManager: 	at android.os.Handler.dispatchMessage(Handler.java:99)
04-28 21:18:15.407  3123  3123 W AndroidKeysetManager: 	at android.os.Looper.loop(Looper.java:193)
04-28 21:18:15.407  3123  3123 W AndroidKeysetManager: 	at android.app.ActivityThread.main(ActivityThread.java:6669)
04-28 21:18:15.407  3123  3123 W AndroidKeysetManager: 	at java.lang.reflect.Method.invoke(Native Method)
04-28 21:18:15.407  3123  3123 W AndroidKeysetManager: 	at com.android.internal.os.RuntimeInit$MethodAndArgsCaller.run(RuntimeInit.java:493)
04-28 21:18:15.407  3123  3123 W AndroidKeysetManager: 	at com.android.internal.os.ZygoteInit.main(ZygoteInit.java:858)
04-28 21:18:15.423  3123  3123 W AndroidKeysetManager: keyset not found, will generate a new one
04-28 21:18:15.423  3123  3123 W AndroidKeysetManager: java.io.FileNotFoundException: can't read keyset; the pref value __androidx_security_crypto_encrypted_prefs_value_keyset__ does not exist
04-28 21:18:15.423  3123  3123 W AndroidKeysetManager: 	at com.google.crypto.tink.integration.android.SharedPrefKeysetReader.readPref(SharedPrefKeysetReader.java:71)
04-28 21:18:15.423  3123  3123 W AndroidKeysetManager: 	at com.google.crypto.tink.integration.android.SharedPrefKeysetReader.readEncrypted(SharedPrefKeysetReader.java:89)
04-28 21:18:15.423  3123  3123 W AndroidKeysetManager: 	at com.google.crypto.tink.KeysetHandle.read(KeysetHandle.java:105)
04-28 21:18:15.423  3123  3123 W AndroidKeysetManager: 	at com.google.crypto.tink.integration.android.AndroidKeysetManager$Builder.read(AndroidKeysetManager.java:304)
04-28 21:18:15.423  3123  3123 W AndroidKeysetManager: 	at com.google.crypto.tink.integration.android.AndroidKeysetManager$Builder.readOrGenerateNewKeyset(AndroidKeysetManager.java:280)
04-28 21:18:15.423  3123  3123 W AndroidKeysetManager: 	at com.google.crypto.tink.integration.android.AndroidKeysetManager$Builder.build(AndroidKeysetManager.java:230)
04-28 21:18:15.423  3123  3123 W AndroidKeysetManager: 	at androidx.security.crypto.EncryptedSharedPreferences.create(EncryptedSharedPreferences.java:126)
04-28 21:18:15.423  3123  3123 W AndroidKeysetManager: 	at com.united.mobile.android.appcore.repository.profilepicture.ProfilePictureServiceRepository$Companion.getSharedPreferences(ProfilePictureServiceRepository.kt:52)
04-28 21:18:15.423  3123  3123 W AndroidKeysetManager: 	at com.united.mobile.android.appcore.repository.profilepicture.ProfilePictureServiceRepository$Companion.getProfilePictureServiceRepository(ProfilePictureServiceRepository.kt:44)
04-28 21:18:15.423  3123  3123 W AndroidKeysetManager: 	at com.united.mobile.android.appcore.repository.profilepicture.ProfilePictureServiceRepository$Companion.getInstance(ProfilePictureServiceRepository.kt:38)
04-28 21:18:15.423  3123  3123 W AndroidKeysetManager: 	at com.united.mobile.android.login.ui.main.LoginViewModelFactory.provideViewModel(LoginViewModelFactory.kt:49)
04-28 21:18:15.423  3123  3123 W AndroidKeysetManager: 	at com.united.mobile.android.login.ui.main.LoginFragment$viewModel$2$invoke$$inlined$obtainViewModel$1.create(BaseFragment.kt:191)
04-28 21:18:15.423  3123  3123 W AndroidKeysetManager: 	at androidx.lifecycle.ViewModelProvider$Factory.create(ViewModelProvider.kt:83)
04-28 21:18:15.423  3123  3123 W AndroidKeysetManager: 	at androidx.lifecycle.ViewModelProvider.get(ViewModelProvider.kt:187)
04-28 21:18:15.423  3123  3123 W AndroidKeysetManager: 	at androidx.lifecycle.ViewModelProvider.get(ViewModelProvider.kt:153)
04-28 21:18:15.423  3123  3123 W AndroidKeysetManager: 	at com.united.mobile.android.login.ui.main.LoginFragment$viewModel$2.invoke(LoginFragment.kt:516)
04-28 21:18:15.423  3123  3123 W AndroidKeysetManager: 	at com.united.mobile.android.login.ui.main.LoginFragment$viewModel$2.invoke(LoginFragment.kt:64)
04-28 21:18:15.423  3123  3123 W AndroidKeysetManager: 	at kotlin.SynchronizedLazyImpl.getValue(LazyJVM.kt:74)
04-28 21:18:15.423  3123  3123 W AndroidKeysetManager: 	at com.united.mobile.android.login.ui.main.LoginFragment.getViewModel(LoginFragment.kt:64)
04-28 21:18:15.423  3123  3123 W AndroidKeysetManager: 	at com.united.mobile.android.login.ui.main.LoginFragment.configureViewModel(LoginFragment.kt:232)
04-28 21:18:15.423  3123  3123 W AndroidKeysetManager: 	at com.united.mobile.android.login.ui.main.LoginFragment.onViewCreated(LoginFragment.kt:86)
04-28 21:18:15.423  3123  3123 W AndroidKeysetManager: 	at androidx.fragment.app.Fragment.performViewCreated(Fragment.java:3128)
04-28 21:18:15.423  3123  3123 W AndroidKeysetManager: 	at androidx.fragment.app.FragmentStateManager.createView(FragmentStateManager.java:552)
04-28 21:18:15.423  3123  3123 W AndroidKeysetManager: 	at androidx.fragment.app.FragmentStateManager.moveToExpectedState(FragmentStateManager.java:261)
04-28 21:18:15.423  3123  3123 W AndroidKeysetManager: 	at androidx.fragment.app.FragmentManager.executeOpsTogether(FragmentManager.java:1899)
04-28 21:18:15.423  3123  3123 W AndroidKeysetManager: 	at androidx.fragment.app.FragmentManager.removeRedundantOperationsAndExecute(FragmentManager.java:1823)
04-28 21:18:15.423  3123  3123 W AndroidKeysetManager: 	at androidx.fragment.app.FragmentManager.execPendingActions(FragmentManager.java:1760)
04-28 21:18:15.423  3123  3123 W AndroidKeysetManager: 	at androidx.fragment.app.FragmentManager$5.run(FragmentManager.java:547)
04-28 21:18:15.423  3123  3123 W AndroidKeysetManager: 	at android.os.Handler.handleCallback(Handler.java:873)
04-28 21:18:15.423  3123  3123 W AndroidKeysetManager: 	at android.os.Handler.dispatchMessage(Handler.java:99)
04-28 21:18:15.423  3123  3123 W AndroidKeysetManager: 	at android.os.Looper.loop(Looper.java:193)
04-28 21:18:15.423  3123  3123 W AndroidKeysetManager: 	at android.app.ActivityThread.main(ActivityThread.java:6669)
04-28 21:18:15.423  3123  3123 W AndroidKeysetManager: 	at java.lang.reflect.Method.invoke(Native Method)
04-28 21:18:15.423  3123  3123 W AndroidKeysetManager: 	at com.android.internal.os.RuntimeInit$MethodAndArgsCaller.run(RuntimeInit.java:493)
04-28 21:18:15.423  3123  3123 W AndroidKeysetManager: 	at com.android.internal.os.ZygoteInit.main(ZygoteInit.java:858)
04-28 21:18:15.450  3123  3218 D EGL_emulation: eglMakeCurrent: 0x797bb9bf8ce0: ver 2 0 (tinfo 0x797bb00e35c0)
04-28 21:18:15.467  3123  3218 D EGL_emulation: eglMakeCurrent: 0x797bb9bf8ce0: ver 2 0 (tinfo 0x797bb00e35c0)
04-28 21:18:16.273  3123  3123 W BMP:MotionListener: Unreliable motion sensors data...
04-28 21:18:16.273  3123  3123 W BMP:OrientationListener: Unreliable orientation sensor data...
04-28 21:18:16.413  3123  3218 D EGL_emulation: eglMakeCurrent: 0x797bb9bf8ce0: ver 2 0 (tinfo 0x797bb00e35c0)
04-28 21:18:16.793  3123  3218 D EGL_emulation: eglMakeCurrent: 0x797bb9bf8ce0: ver 2 0 (tinfo 0x797bb00e35c0)
04-28 21:18:16.831  3123  3218 I chatty  : uid=10067(com.united.mobile.android) RenderThread identical 1 line
04-28 21:18:17.048  3123  3218 D EGL_emulation: eglMakeCurrent: 0x797bb9bf8ce0: ver 2 0 (tinfo 0x797bb00e35c0)
04-28 21:18:19.042  3123  3123 W BMP:MotionListener: Unreliable motion sensors data...
04-28 21:18:19.042  3123  3123 W BMP:OrientationListener: Unreliable orientation sensor data...
04-28 21:18:25.000  3123  3301 D EGL_emulation: eglMakeCurrent: 0x797bb3642520: ver 2 0 (tinfo 0x797b94be2940)
04-28 21:18:30.434  3123  3130 W .mobile.androi: Receiving file descriptor from ADB failed (socket 31): Success
04-28 21:18:30.434  3123  3130 E .mobile.androi: Something went wrong getting fds from adb. Retry!: Success
04-28 21:21:04.448  3123  3123 W QM Native SDK: Capture is currently uninitialized. Please call initialize and start first.
04-28 21:21:05.136  3123  3218 D EGL_emulation: eglMakeCurrent: 0x797bb9bf8ce0: ver 2 0 (tinfo 0x797bb00e35c0)
04-28 21:33:12.550  3123  3191 I WM-WorkerWrapper: Worker result FAILURE for Work [ id=a5c36429-9503-44e7-ae5f-1569caee685e, tags={ com.locuslabs.sdk.llprivate.analyticsevents.AnalyticsEventSynchronizer$AnalyticsEventSyncWorker } ]
04-28 21:33:12.550  3123  3123 W locuslabs: LocusMaps warning stack trace: |java.net.ConnectException: Failed to connect to rest.locuslabs.com/:::443
04-28 21:33:12.550  3123  3123 W locuslabs: 	at okhttp3.internal.connection.RealConnection.connectSocket(RealConnection.kt:297)
04-28 21:33:12.550  3123  3123 W locuslabs: 	at okhttp3.internal.connection.RealConnection.connect(RealConnection.kt:207)
04-28 21:33:12.550  3123  3123 W locuslabs: 	at okhttp3.internal.connection.ExchangeFinder.findConnection(ExchangeFinder.kt:226)
04-28 21:33:12.550  3123  3123 W locuslabs: 	at okhttp3.internal.connection.ExchangeFinder.findHealthyConnection(ExchangeFinder.kt:106)
04-28 21:33:12.550  3123  3123 W locuslabs: 	at okhttp3.internal.connection.ExchangeFinder.find(ExchangeFinder.kt:74)
04-28 21:33:12.550  3123  3123 W locuslabs: 	at okhttp3.internal.connection.RealCall.initExchange$okhttp(RealCall.kt:255)
04-28 21:33:12.550  3123  3123 W locuslabs: 	at okhttp3.internal.connection.ConnectInterceptor.intercept(ConnectInterceptor.kt:32)
04-28 21:33:12.550  3123  3123 W locuslabs: 	at okhttp3.internal.http.RealInterceptorChain.proceed(RealInterceptorChain.kt:109)
04-28 21:33:12.550  3123  3123 W locuslabs: 	at okhttp3.internal.cache.CacheInterceptor.intercept(CacheInterceptor.kt:95)
04-28 21:33:12.550  3123  3123 W locuslabs: 	at okhttp3.internal.http.RealInterceptorChain.proceed(RealInterceptorChain.kt:109)
04-28 21:33:12.550  3123  3123 W locuslabs: 	at okhttp3.internal.http.BridgeInterceptor.intercept(BridgeInterceptor.kt:83)
04-28 21:33:12.550  3123  3123 W locuslabs: 	at okhttp3.internal.http.RealInterceptorChain.proceed(RealInterceptorChain.kt:109)
04-28 21:33:12.550  3123  3123 W locuslabs: 	at okhttp3.internal.http.RetryAndFollowUpInterceptor.intercept(RetryAndFollowUpInterceptor.kt:76)
04-28 21:33:12.550  3123  3123 W locuslabs: 	at okhttp3.internal.http.RealInterceptorChain.proceed(RealInterceptorChain.kt:109)
04-28 21:33:12.550  3123  3123 W locuslabs: 	at okhttp3.internal.connection.RealCall.getResponseWithInterceptorChain$okhttp(RealCall.kt:201)
04-28 21:33:12.550  3123  3123 W locuslabs: 	at okhttp3.internal.connection.RealCall$AsyncCall.run(RealCall.kt:517)
04-28 21:33:12.550  3123  3123 W locuslabs: 	at java.util.concurrent.ThreadPoolExecutor.runWorker(ThreadPoolExecutor.java:1167)
04-28 21:33:12.550  3123  3123 W locuslabs: 	at java.util.concurrent.ThreadPoolExecutor$Worker.run(ThreadPoolExecutor.java:641)
04-28 21:33:12.550  3123  3123 W locuslabs: 	at java.lang.Thread.run(Thread.java:764)
04-28 21:33:12.550  3123  3123 W locuslabs: 	Suppressed: java.net.ConnectException: Failed to connect to rest.locuslabs.com/0.0.0.0:443
04-28 21:33:12.550  3123  3123 W locuslabs: 		... 19 more
04-28 21:33:12.550  3123  3123 W locuslabs: 	Caused by: java.net.ConnectException: failed to connect to localhost/127.0.0.1 (port 443) from /127.0.0.1 (port 38804) after 10000ms: isConnected failed: ECONNREFUSED (Connection refused)
04-28 21:33:12.550  3123  3123 W locuslabs: 		at libcore.io.IoBridge.isConnected(IoBridge.java:278)
04-28 21:33:12.550  3123  3123 W locuslabs: 		at libcore.io.IoBridge.connectErrno(IoBridge.java:187)
04-28 21:33:12.550  3123  3123 W locuslabs: 		at libcore.io.IoBridge.connect(IoBridge.java:129)
04-28 21:33:12.550  3123  3123 W locuslabs: 		at java.net.PlainSocketImpl.socketConnect(PlainSocketImpl.java:137)
04-28 21:33:12.550  3123  3123 W locuslabs: 		at java.net.AbstractPlainSocketImpl.doConnect(AbstractPlainSocketImpl.java:390)
04-28 21:33:12.550  3123  3123 W locuslabs: 		at java.net.AbstractPlainSocketImpl.connectToAddress(AbstractPlainSocketImpl.java:228)
04-28 21:33:12.550  3123  3123 W locuslabs: 		at java.net.AbstractPlainSocketImpl.connect(AbstractPlainSocketImpl.java:212)
04-28 21:33:12.550  3123  3123 W locuslabs: 		at java.net.SocksSocketImpl.connect(SocksSocketImpl.java:436)
04-28 21:33:12.550  3123  3123 W locuslabs: 		at java.net.Socket.connect(Socket.java:621)
04-28 21:33:12.550  3123  3123 W locuslabs: 		at okhttp3.internal.platform.AndroidPlatform.connectSocket(AndroidPlatform.kt:63)
04-28 21:33:12.550  3123  3123 W locuslabs: 		at okhttp3.internal.connection.RealConnection.connectSocket(RealConnection.kt:295)
04-28 21:33:12.550  3123  3123 W locuslabs: 		... 18 more
04-28 21:33:12.550  3123  3123 W locuslabs: 	Caused by: android.system.ErrnoException: isConnected failed: ECONNREFUSED (Connection refused)
04-28 21:33:12.550  3123  3123 W locuslabs: 		at libcore.io.IoBridge.isConnected(IoBridge.java:267)
04-28 21:33:12.550  3123  3123 W locuslabs: 		... 28 more
04-28 21:33:12.550  3123  3123 W locuslabs: Caused by: java.net.ConnectException: failed to connect to localhost/127.0.0.1 (port 443) from /127.0.0.1 (port 38806) after 10000ms: isConnected failed: ECONNREFUSED (Connection refused)
04-28 21:33:12.550  3123  3123 W locuslabs: 	at libcore.io.IoBridge.isConnected(IoBridge.java:278)
04-28 21:33:12.550  3123  3123 W locuslabs: 	at libcore.io.IoBridge.connectErrno(IoBridge.java:187)
04-28 21:33:12.550  3123  3123 W locuslabs: 	at libcore.io.IoBridge.connect(IoBridge.java:129)
04-28 21:33:12.550  3123  3123 W locuslabs: 	at java.net.PlainSocketImpl.socketConnect(PlainSocketImpl.java:137)
04-28 21:33:12.550  3123  3123 W locuslabs: 	at java.net.AbstractPlainSocketImpl.doConnect(AbstractPlainSocketImpl.java:390)
04-28 21:33:12.550  3123  3123 W locuslabs: 	at java.net.AbstractPlainSocketImpl.connectToAddress(AbstractPlainSocketImpl.java:228)
04-28 21:33:12.550  3123  3123 W locuslabs: 	at java.net.AbstractPlainSocketImpl.connect(AbstractPlainSocketImpl.java:212)
04-28 21:33:12.550  3123  3123 W locuslabs: 	at java.net.SocksSocketImpl.connect(SocksSocketImpl.java:436)
04-28 21:33:12.550  3123  3123 W locuslabs: 	at java.net.Socket.connect(Socket.java:621)
04-28 21:33:12.550  3123  3123 W locuslabs: 	at okhttp3.internal.platform.AndroidPlatform.connectSocket(AndroidPlatform.kt:63)
04-28 21:33:12.550  3123  3123 W locuslabs: 	at okhttp3.internal.connection.RealConnection.connectSocket(RealConnection.kt:295)
04-28 21:33:12.550  3123  3123 W locuslabs: 	... 18 more
04-28 21:33:12.550  3123  3123 W locuslabs: Caused by: android.system.ErrnoException: isConnected failed: ECONNREFUSED (Connection refused)
04-28 21:33:12.550  3123  3123 W locuslabs: 	at libcore.io.IoBridge.isConnected(IoBridge.java:267)
04-28 21:33:12.550  3123  3123 W locuslabs: 	... 28 more
04-28 21:33:12.550  3123  3123 W locuslabs: |
04-28 21:33:12.550  3123  3123 W locuslabs: LocusMaps warning stack trace cause: |java.net.ConnectException: failed to connect to localhost/127.0.0.1 (port 443) from /127.0.0.1 (port 38806) after 10000ms: isConnected failed: ECONNREFUSED (Connection refused)
04-28 21:33:12.550  3123  3123 W locuslabs: 	at libcore.io.IoBridge.isConnected(IoBridge.java:278)
04-28 21:33:12.550  3123  3123 W locuslabs: 	at libcore.io.IoBridge.connectErrno(IoBridge.java:187)
04-28 21:33:12.550  3123  3123 W locuslabs: 	at libcore.io.IoBridge.connect(IoBridge.java:129)
04-28 21:33:12.550  3123  3123 W locuslabs: 	at java.net.PlainSocketImpl.socketConnect(PlainSocketImpl.java:137)
04-28 21:33:12.550  3123  3123 W locuslabs: 	at java.net.AbstractPlainSocketImpl.doConnect(AbstractPlainSocketImpl.java:390)
04-28 21:33:12.550  3123  3123 W locuslabs: 	at java.net.AbstractPlainSocketImpl.connectToAddress(AbstractPlainSocketImpl.java:228)
04-28 21:33:12.550  3123  3123 W locuslabs: 	at java.net.AbstractPlainSocketImpl.connect(AbstractPlainSocketImpl.java:212)
04-28 21:33:12.550  3123  3123 W locuslabs: 	at java.net.SocksSocketImpl.connect(SocksSocketImpl.java:436)
04-28 21:33:12.550  3123  3123 W locuslabs: 	at java.net.Socket.connect(Socket.java:621)
04-28 21:33:12.550  3123  3123 W locuslabs: 	at okhttp3.internal.platform.AndroidPlatform.connectSocket(AndroidPlatform.kt:63)
04-28 21:33:12.550  3123  3123 W locuslabs: 	at okhttp3.internal.connection.RealConnection.connectSocket(RealConnection.kt:295)
04-28 21:33:12.550  3123  3123 W locuslabs: 	at okhttp3.internal.connection.RealConnection.connect(RealConnection.kt:207)
04-28 21:33:12.550  3123  3123 W locuslabs: 	at okhttp3.internal.connection.ExchangeFinder.findConnection(ExchangeFinder.kt:226)
04-28 21:33:12.550  3123  3123 W locuslabs: 	at okhttp3.internal.connection.ExchangeFinder.findHealthyConnection(ExchangeFinder.kt:106)
04-28 21:33:12.550  3123  3123 W locuslabs: 	at okhttp3.internal.connection.ExchangeFinder.find(ExchangeFinder.kt:74)
04-28 21:33:12.550  3123  3123 W locuslabs: 	at okhttp3.internal.connection.RealCall.initExchange$okhttp(RealCall.kt:255)
04-28 21:33:12.550  3123  3123 W locuslabs: 	at okhttp3.internal.connection.ConnectInterceptor.intercept(ConnectInterceptor.kt:32)
04-28 21:33:12.550  3123  3123 W locuslabs: 	at okhttp3.internal.http.RealInterceptorChain.proceed(RealInterceptorChain.kt:109)
04-28 21:33:12.550  3123  3123 W locuslabs: 	at okhttp3.internal.cache.CacheInterceptor.intercept(CacheInterceptor.kt:95)
04-28 21:33:12.550  3123  3123 W locuslabs: 	at okhttp3.internal.http.RealInterceptorChain.proceed(RealInterceptorChain.kt:109)
04-28 21:33:12.550  3123  3123 W locuslabs: 	at okhttp3.internal.http.BridgeInterceptor.intercept(BridgeInterceptor.kt:83)
04-28 21:33:12.550  3123  3123 W locuslabs: 	at okhttp3.internal.http.RealInterceptorChain.proceed(RealInterceptorChain.kt:109)
04-28 21:33:12.550  3123  3123 W locuslabs: 	at okhttp3.internal.http.RetryAndFollowUpInterceptor.intercept(RetryAndFollowUpInterceptor.kt:76)
04-28 21:33:12.550  3123  3123 W locuslabs: 	at okhttp3.internal.http.RealInterceptorChain.proceed(RealInterceptorChain.kt:109)
04-28 21:33:12.550  3123  3123 W locuslabs: 	at okhttp3.internal.connection.RealCall.getResponseWithInterceptorChain$okhttp(RealCall.kt:201)
04-28 21:33:12.550  3123  3123 W locuslabs: 	at okhttp3.internal.connection.RealCall$AsyncCall.run(RealCall.kt:517)
04-28 21:33:12.550  3123  3123 W locuslabs: 	at java.util.concurrent.ThreadPoolExecutor.runWorker(ThreadPoolExecutor.java:1167)
04-28 21:33:12.550  3123  3123 W locuslabs: 	at java.util.concurrent.ThreadPoolExecutor$Worker.run(ThreadPoolExecutor.java:641)
04-28 21:33:12.550  3123  3123 W locuslabs: 	at java.lang.Thread.run(Thread.java:764)
04-28 21:33:12.550  3123  3123 W locuslabs: Caused by: android.system.ErrnoException: isConnected failed: ECONNREFUSED (Connection refused)
04-28 21:33:12.550  3123  3123 W locuslabs: 	at libcore.io.IoBridge.isConnected(IoBridge.java:267)
04-28 21:33:12.550  3123  3123 W locuslabs: 	... 28 more
04-28 21:33:12.550  3123  3123 W locuslabs: |
04-28 21:48:12.674  3123  3123 W locuslabs: LocusMaps warning stack trace: |java.net.ConnectException: Failed to connect to rest.locuslabs.com/:::443
04-28 21:48:12.674  3123  3123 W locuslabs: 	at okhttp3.internal.connection.RealConnection.connectSocket(RealConnection.kt:297)
04-28 21:48:12.674  3123  3123 W locuslabs: 	at okhttp3.internal.connection.RealConnection.connect(RealConnection.kt:207)
04-28 21:48:12.674  3123  3123 W locuslabs: 	at okhttp3.internal.connection.ExchangeFinder.findConnection(ExchangeFinder.kt:226)
04-28 21:48:12.674  3123  3123 W locuslabs: 	at okhttp3.internal.connection.ExchangeFinder.findHealthyConnection(ExchangeFinder.kt:106)
04-28 21:48:12.674  3123  3123 W locuslabs: 	at okhttp3.internal.connection.ExchangeFinder.find(ExchangeFinder.kt:74)
04-28 21:48:12.674  3123  3123 W locuslabs: 	at okhttp3.internal.connection.RealCall.initExchange$okhttp(RealCall.kt:255)
04-28 21:48:12.674  3123  3123 W locuslabs: 	at okhttp3.internal.connection.ConnectInterceptor.intercept(ConnectInterceptor.kt:32)
04-28 21:48:12.674  3123  3123 W locuslabs: 	at okhttp3.internal.http.RealInterceptorChain.proceed(RealInterceptorChain.kt:109)
04-28 21:48:12.674  3123  3123 W locuslabs: 	at okhttp3.internal.cache.CacheInterceptor.intercept(CacheInterceptor.kt:95)
04-28 21:48:12.674  3123  3123 W locuslabs: 	at okhttp3.internal.http.RealInterceptorChain.proceed(RealInterceptorChain.kt:109)
04-28 21:48:12.674  3123  3123 W locuslabs: 	at okhttp3.internal.http.BridgeInterceptor.intercept(BridgeInterceptor.kt:83)
04-28 21:48:12.674  3123  3123 W locuslabs: 	at okhttp3.internal.http.RealInterceptorChain.proceed(RealInterceptorChain.kt:109)
04-28 21:48:12.674  3123  3123 W locuslabs: 	at okhttp3.internal.http.RetryAndFollowUpInterceptor.intercept(RetryAndFollowUpInterceptor.kt:76)
04-28 21:48:12.674  3123  3123 W locuslabs: 	at okhttp3.internal.http.RealInterceptorChain.proceed(RealInterceptorChain.kt:109)
04-28 21:48:12.674  3123  3123 W locuslabs: 	at okhttp3.internal.connection.RealCall.getResponseWithInterceptorChain$okhttp(RealCall.kt:201)
04-28 21:48:12.674  3123  3123 W locuslabs: 	at okhttp3.internal.connection.RealCall$AsyncCall.run(RealCall.kt:517)
04-28 21:48:12.674  3123  3123 W locuslabs: 	at java.util.concurrent.ThreadPoolExecutor.runWorker(ThreadPoolExecutor.java:1167)
04-28 21:48:12.674  3123  3123 W locuslabs: 	at java.util.concurrent.ThreadPoolExecutor$Worker.run(ThreadPoolExecutor.java:641)
04-28 21:48:12.674  3123  3123 W locuslabs: 	at java.lang.Thread.run(Thread.java:764)
04-28 21:48:12.674  3123  3123 W locuslabs: 	Suppressed: java.net.ConnectException: Failed to connect to rest.locuslabs.com/0.0.0.0:443
04-28 21:48:12.674  3123  3123 W locuslabs: 		... 19 more
04-28 21:48:12.674  3123  3123 W locuslabs: 	Caused by: java.net.ConnectException: failed to connect to localhost/127.0.0.1 (port 443) from /127.0.0.1 (port 38824) after 10000ms: isConnected failed: ECONNREFUSED (Connection refused)
04-28 21:48:12.674  3123  3123 W locuslabs: 		at libcore.io.IoBridge.isConnected(IoBridge.java:278)
04-28 21:48:12.674  3123  3123 W locuslabs: 		at libcore.io.IoBridge.connectErrno(IoBridge.java:187)
04-28 21:48:12.674  3123  3123 W locuslabs: 		at libcore.io.IoBridge.connect(IoBridge.java:129)
04-28 21:48:12.674  3123  3123 W locuslabs: 		at java.net.PlainSocketImpl.socketConnect(PlainSocketImpl.java:137)
04-28 21:48:12.674  3123  3123 W locuslabs: 		at java.net.AbstractPlainSocketImpl.doConnect(AbstractPlainSocketImpl.java:390)
04-28 21:48:12.674  3123  3123 W locuslabs: 		at java.net.AbstractPlainSocketImpl.connectToAddress(AbstractPlainSocketImpl.java:228)
04-28 21:48:12.674  3123  3123 W locuslabs: 		at java.net.AbstractPlainSocketImpl.connect(AbstractPlainSocketImpl.java:212)
04-28 21:48:12.674  3123  3123 W locuslabs: 		at java.net.SocksSocketImpl.connect(SocksSocketImpl.java:436)
04-28 21:48:12.674  3123  3123 W locuslabs: 		at java.net.Socket.connect(Socket.java:621)
04-28 21:48:12.674  3123  3123 W locuslabs: 		at okhttp3.internal.platform.AndroidPlatform.connectSocket(AndroidPlatform.kt:63)
04-28 21:48:12.674  3123  3123 W locuslabs: 		at okhttp3.internal.connection.RealConnection.connectSocket(RealConnection.kt:295)
04-28 21:48:12.674  3123  3123 W locuslabs: 		... 18 more
04-28 21:48:12.674  3123  3123 W locuslabs: 	Caused by: android.system.ErrnoException: isConnected failed: ECONNREFUSED (Connection refused)
04-28 21:48:12.674  3123  3123 W locuslabs: 		at libcore.io.IoBridge.isConnected(IoBridge.java:267)
04-28 21:48:12.674  3123  3123 W locuslabs: 		... 28 more
04-28 21:48:12.674  3123  3123 W locuslabs: Caused by: java.net.ConnectException: failed to connect to localhost/127.0.0.1 (port 443) from /127.0.0.1 (port 38826) after 10000ms: isConnected failed: ECONNREFUSED (Connection refused)
04-28 21:48:12.674  3123  3123 W locuslabs: 	at libcore.io.IoBridge.isConnected(IoBridge.java:278)
04-28 21:48:12.674  3123  3123 W locuslabs: 	at libcore.io.IoBridge.connectErrno(IoBridge.java:187)
04-28 21:48:12.674  3123  3123 W locuslabs: 	at libcore.io.IoBridge.connect(IoBridge.java:129)
04-28 21:48:12.674  3123  3123 W locuslabs: 	at java.net.PlainSocketImpl.socketConnect(PlainSocketImpl.java:137)
04-28 21:48:12.674  3123  3123 W locuslabs: 	at java.net.AbstractPlainSocketImpl.doConnect(AbstractPlainSocketImpl.java:390)
04-28 21:48:12.674  3123  3123 W locuslabs: 	at java.net.AbstractPlainSocketImpl.connectToAddress(AbstractPlainSocketImpl.java:228)
04-28 21:48:12.674  3123  3123 W locuslabs: 	at java.net.AbstractPlainSocketImpl.connect(AbstractPlainSocketImpl.java:212)
04-28 21:48:12.674  3123  3123 W locuslabs: 	at java.net.SocksSocketImpl.connect(SocksSocketImpl.java:436)
04-28 21:48:12.674  3123  3123 W locuslabs: 	at java.net.Socket.connect(Socket.java:621)
04-28 21:48:12.674  3123  3123 W locuslabs: 	at okhttp3.internal.platform.AndroidPlatform.connectSocket(AndroidPlatform.kt:63)
04-28 21:48:12.674  3123  3123 W locuslabs: 	at okhttp3.internal.connection.RealConnection.connectSocket(RealConnection.kt:295)
04-28 21:48:12.674  3123  3123 W locuslabs: 	... 18 more
04-28 21:48:12.674  3123  3123 W locuslabs: Caused by: android.system.ErrnoException: isConnected failed: ECONNREFUSED (Connection refused)
04-28 21:48:12.674  3123  3123 W locuslabs: 	at libcore.io.IoBridge.isConnected(IoBridge.java:267)
04-28 21:48:12.674  3123  3123 W locuslabs: 	... 28 more
04-28 21:48:12.674  3123  3123 W locuslabs: |
04-28 21:48:12.675  3123  3149 I WM-WorkerWrapper: Worker result FAILURE for Work [ id=a5c36429-9503-44e7-ae5f-1569caee685e, tags={ com.locuslabs.sdk.llprivate.analyticsevents.AnalyticsEventSynchronizer$AnalyticsEventSyncWorker } ]
04-28 21:48:12.675  3123  3123 W locuslabs: LocusMaps warning stack trace cause: |java.net.ConnectException: failed to connect to localhost/127.0.0.1 (port 443) from /127.0.0.1 (port 38826) after 10000ms: isConnected failed: ECONNREFUSED (Connection refused)
04-28 21:48:12.675  3123  3123 W locuslabs: 	at libcore.io.IoBridge.isConnected(IoBridge.java:278)
04-28 21:48:12.675  3123  3123 W locuslabs: 	at libcore.io.IoBridge.connectErrno(IoBridge.java:187)
04-28 21:48:12.675  3123  3123 W locuslabs: 	at libcore.io.IoBridge.connect(IoBridge.java:129)
04-28 21:48:12.675  3123  3123 W locuslabs: 	at java.net.PlainSocketImpl.socketConnect(PlainSocketImpl.java:137)
04-28 21:48:12.675  3123  3123 W locuslabs: 	at java.net.AbstractPlainSocketImpl.doConnect(AbstractPlainSocketImpl.java:390)
04-28 21:48:12.675  3123  3123 W locuslabs: 	at java.net.AbstractPlainSocketImpl.connectToAddress(AbstractPlainSocketImpl.java:228)
04-28 21:48:12.675  3123  3123 W locuslabs: 	at java.net.AbstractPlainSocketImpl.connect(AbstractPlainSocketImpl.java:212)
04-28 21:48:12.675  3123  3123 W locuslabs: 	at java.net.SocksSocketImpl.connect(SocksSocketImpl.java:436)
04-28 21:48:12.675  3123  3123 W locuslabs: 	at java.net.Socket.connect(Socket.java:621)
04-28 21:48:12.675  3123  3123 W locuslabs: 	at okhttp3.internal.platform.AndroidPlatform.connectSocket(AndroidPlatform.kt:63)
04-28 21:48:12.675  3123  3123 W locuslabs: 	at okhttp3.internal.connection.RealConnection.connectSocket(RealConnection.kt:295)
04-28 21:48:12.675  3123  3123 W locuslabs: 	at okhttp3.internal.connection.RealConnection.connect(RealConnection.kt:207)
04-28 21:48:12.675  3123  3123 W locuslabs: 	at okhttp3.internal.connection.ExchangeFinder.findConnection(ExchangeFinder.kt:226)
04-28 21:48:12.675  3123  3123 W locuslabs: 	at okhttp3.internal.connection.ExchangeFinder.findHealthyConnection(ExchangeFinder.kt:106)
04-28 21:48:12.675  3123  3123 W locuslabs: 	at okhttp3.internal.connection.ExchangeFinder.find(ExchangeFinder.kt:74)
04-28 21:48:12.675  3123  3123 W locuslabs: 	at okhttp3.internal.connection.RealCall.initExchange$okhttp(RealCall.kt:255)
04-28 21:48:12.675  3123  3123 W locuslabs: 	at okhttp3.internal.connection.ConnectInterceptor.intercept(ConnectInterceptor.kt:32)
04-28 21:48:12.675  3123  3123 W locuslabs: 	at okhttp3.internal.http.RealInterceptorChain.proceed(RealInterceptorChain.kt:109)
04-28 21:48:12.675  3123  3123 W locuslabs: 	at okhttp3.internal.cache.CacheInterceptor.intercept(CacheInterceptor.kt:95)
04-28 21:48:12.675  3123  3123 W locuslabs: 	at okhttp3.internal.http.RealInterceptorChain.proceed(RealInterceptorChain.kt:109)
04-28 21:48:12.675  3123  3123 W locuslabs: 	at okhttp3.internal.http.BridgeInterceptor.intercept(BridgeInterceptor.kt:83)
04-28 21:48:12.675  3123  3123 W locuslabs: 	at okhttp3.internal.http.RealInterceptorChain.proceed(RealInterceptorChain.kt:109)
04-28 21:48:12.675  3123  3123 W locuslabs: 	at okhttp3.internal.http.RetryAndFollowUpInterceptor.intercept(RetryAndFollowUpInterceptor.kt:76)
04-28 21:48:12.675  3123  3123 W locuslabs: 	at okhttp3.internal.http.RealInterceptorChain.proceed(RealInterceptorChain.kt:109)
04-28 21:48:12.675  3123  3123 W locuslabs: 	at okhttp3.internal.connection.RealCall.getResponseWithInterceptorChain$okhttp(RealCall.kt:201)
04-28 21:48:12.675  3123  3123 W locuslabs: 	at okhttp3.internal.connection.RealCall$AsyncCall.run(RealCall.kt:517)
04-28 21:48:12.675  3123  3123 W locuslabs: 	at java.util.concurrent.ThreadPoolExecutor.runWorker(ThreadPoolExecutor.java:1167)
04-28 21:48:12.675  3123  3123 W locuslabs: 	at java.util.concurrent.ThreadPoolExecutor$Worker.run(ThreadPoolExecutor.java:641)
04-28 21:48:12.675  3123  3123 W locuslabs: 	at java.lang.Thread.run(Thread.java:764)
04-28 21:48:12.675  3123  3123 W locuslabs: Caused by: android.system.ErrnoException: isConnected failed: ECONNREFUSED (Connection refused)
04-28 21:48:12.675  3123  3123 W locuslabs: 	at libcore.io.IoBridge.isConnected(IoBridge.java:267)
04-28 21:48:12.675  3123  3123 W locuslabs: 	... 28 more
04-28 21:48:12.675  3123  3123 W locuslabs: |
04-28 22:03:12.796  3123  3123 W locuslabs: LocusMaps warning stack trace: |java.net.ConnectException: Failed to connect to rest.locuslabs.com/:::443
04-28 22:03:12.796  3123  3123 W locuslabs: 	at okhttp3.internal.connection.RealConnection.connectSocket(RealConnection.kt:297)
04-28 22:03:12.796  3123  3123 W locuslabs: 	at okhttp3.internal.connection.RealConnection.connect(RealConnection.kt:207)
04-28 22:03:12.796  3123  3123 W locuslabs: 	at okhttp3.internal.connection.ExchangeFinder.findConnection(ExchangeFinder.kt:226)
04-28 22:03:12.796  3123  3123 W locuslabs: 	at okhttp3.internal.connection.ExchangeFinder.findHealthyConnection(ExchangeFinder.kt:106)
04-28 22:03:12.796  3123  3123 W locuslabs: 	at okhttp3.internal.connection.ExchangeFinder.find(ExchangeFinder.kt:74)
04-28 22:03:12.796  3123  3123 W locuslabs: 	at okhttp3.internal.connection.RealCall.initExchange$okhttp(RealCall.kt:255)
04-28 22:03:12.796  3123  3123 W locuslabs: 	at okhttp3.internal.connection.ConnectInterceptor.intercept(ConnectInterceptor.kt:32)
04-28 22:03:12.796  3123  3123 W locuslabs: 	at okhttp3.internal.http.RealInterceptorChain.proceed(RealInterceptorChain.kt:109)
04-28 22:03:12.796  3123  3123 W locuslabs: 	at okhttp3.internal.cache.CacheInterceptor.intercept(CacheInterceptor.kt:95)
04-28 22:03:12.796  3123  3123 W locuslabs: 	at okhttp3.internal.http.RealInterceptorChain.proceed(RealInterceptorChain.kt:109)
04-28 22:03:12.796  3123  3123 W locuslabs: 	at okhttp3.internal.http.BridgeInterceptor.intercept(BridgeInterceptor.kt:83)
04-28 22:03:12.796  3123  3123 W locuslabs: 	at okhttp3.internal.http.RealInterceptorChain.proceed(RealInterceptorChain.kt:109)
04-28 22:03:12.796  3123  3123 W locuslabs: 	at okhttp3.internal.http.RetryAndFollowUpInterceptor.intercept(RetryAndFollowUpInterceptor.kt:76)
04-28 22:03:12.796  3123  3123 W locuslabs: 	at okhttp3.internal.http.RealInterceptorChain.proceed(RealInterceptorChain.kt:109)
04-28 22:03:12.796  3123  3123 W locuslabs: 	at okhttp3.internal.connection.RealCall.getResponseWithInterceptorChain$okhttp(RealCall.kt:201)
04-28 22:03:12.796  3123  3123 W locuslabs: 	at okhttp3.internal.connection.RealCall$AsyncCall.run(RealCall.kt:517)
04-28 22:03:12.796  3123  3123 W locuslabs: 	at java.util.concurrent.ThreadPoolExecutor.runWorker(ThreadPoolExecutor.java:1167)
04-28 22:03:12.796  3123  3123 W locuslabs: 	at java.util.concurrent.ThreadPoolExecutor$Worker.run(ThreadPoolExecutor.java:641)
04-28 22:03:12.796  3123  3123 W locuslabs: 	at java.lang.Thread.run(Thread.java:764)
04-28 22:03:12.796  3123  3123 W locuslabs: 	Suppressed: java.net.ConnectException: Failed to connect to rest.locuslabs.com/0.0.0.0:443
04-28 22:03:12.796  3123  3123 W locuslabs: 		... 19 more
04-28 22:03:12.796  3123  3123 W locuslabs: 	Caused by: java.net.ConnectException: failed to connect to localhost/127.0.0.1 (port 443) from /127.0.0.1 (port 38844) after 10000ms: isConnected failed: ECONNREFUSED (Connection refused)
04-28 22:03:12.796  3123  3123 W locuslabs: 		at libcore.io.IoBridge.isConnected(IoBridge.java:278)
04-28 22:03:12.796  3123  3123 W locuslabs: 		at libcore.io.IoBridge.connectErrno(IoBridge.java:187)
04-28 22:03:12.796  3123  3123 W locuslabs: 		at libcore.io.IoBridge.connect(IoBridge.java:129)
04-28 22:03:12.796  3123  3123 W locuslabs: 		at java.net.PlainSocketImpl.socketConnect(PlainSocketImpl.java:137)
04-28 22:03:12.796  3123  3123 W locuslabs: 		at java.net.AbstractPlainSocketImpl.doConnect(AbstractPlainSocketImpl.java:390)
04-28 22:03:12.796  3123  3123 W locuslabs: 		at java.net.AbstractPlainSocketImpl.connectToAddress(AbstractPlainSocketImpl.java:228)
04-28 22:03:12.796  3123  3123 W locuslabs: 		at java.net.AbstractPlainSocketImpl.connect(AbstractPlainSocketImpl.java:212)
04-28 22:03:12.796  3123  3123 W locuslabs: 		at java.net.SocksSocketImpl.connect(SocksSocketImpl.java:436)
04-28 22:03:12.796  3123  3123 W locuslabs: 		at java.net.Socket.connect(Socket.java:621)
04-28 22:03:12.796  3123  3123 W locuslabs: 		at okhttp3.internal.platform.AndroidPlatform.connectSocket(AndroidPlatform.kt:63)
04-28 22:03:12.796  3123  3123 W locuslabs: 		at okhttp3.internal.connection.RealConnection.connectSocket(RealConnection.kt:295)
04-28 22:03:12.796  3123  3123 W locuslabs: 		... 18 more
04-28 22:03:12.796  3123  3123 W locuslabs: 	Caused by: android.system.ErrnoException: isConnected failed: ECONNREFUSED (Connection refused)
04-28 22:03:12.796  3123  3123 W locuslabs: 		at libcore.io.IoBridge.isConnected(IoBridge.java:267)
04-28 22:03:12.796  3123  3123 W locuslabs: 		... 28 more
04-28 22:03:12.796  3123  3123 W locuslabs: Caused by: java.net.ConnectException: failed to connect to localhost/127.0.0.1 (port 443) from /127.0.0.1 (port 38846) after 10000ms: isConnected failed: ECONNREFUSED (Connection refused)
04-28 22:03:12.796  3123  3123 W locuslabs: 	at libcore.io.IoBridge.isConnected(IoBridge.java:278)
04-28 22:03:12.796  3123  3123 W locuslabs: 	at libcore.io.IoBridge.connectErrno(IoBridge.java:187)
04-28 22:03:12.796  3123  3123 W locuslabs: 	at libcore.io.IoBridge.connect(IoBridge.java:129)
04-28 22:03:12.796  3123  3123 W locuslabs: 	at java.net.PlainSocketImpl.socketConnect(PlainSocketImpl.java:137)
04-28 22:03:12.796  3123  3123 W locuslabs: 	at java.net.AbstractPlainSocketImpl.doConnect(AbstractPlainSocketImpl.java:390)
04-28 22:03:12.796  3123  3123 W locuslabs: 	at java.net.AbstractPlainSocketImpl.connectToAddress(AbstractPlainSocketImpl.java:228)
04-28 22:03:12.796  3123  3123 W locuslabs: 	at java.net.AbstractPlainSocketImpl.connect(AbstractPlainSocketImpl.java:212)
04-28 22:03:12.796  3123  3123 W locuslabs: 	at java.net.SocksSocketImpl.connect(SocksSocketImpl.java:436)
04-28 22:03:12.796  3123  3123 W locuslabs: 	at java.net.Socket.connect(Socket.java:621)
04-28 22:03:12.796  3123  3123 W locuslabs: 	at okhttp3.internal.platform.AndroidPlatform.connectSocket(AndroidPlatform.kt:63)
04-28 22:03:12.796  3123  3123 W locuslabs: 	at okhttp3.internal.connection.RealConnection.connectSocket(RealConnection.kt:295)
04-28 22:03:12.796  3123  3123 W locuslabs: 	... 18 more
04-28 22:03:12.796  3123  3123 W locuslabs: Caused by: android.system.ErrnoException: isConnected failed: ECONNREFUSED (Connection refused)
04-28 22:03:12.796  3123  3123 W locuslabs: 	at libcore.io.IoBridge.isConnected(IoBridge.java:267)
04-28 22:03:12.796  3123  3123 W locuslabs: 	... 28 more
04-28 22:03:12.796  3123  3123 W locuslabs: |
04-28 22:03:12.797  3123  3158 I WM-WorkerWrapper: Worker result FAILURE for Work [ id=a5c36429-9503-44e7-ae5f-1569caee685e, tags={ com.locuslabs.sdk.llprivate.analyticsevents.AnalyticsEventSynchronizer$AnalyticsEventSyncWorker } ]
04-28 22:03:12.797  3123  3123 W locuslabs: LocusMaps warning stack trace cause: |java.net.ConnectException: failed to connect to localhost/127.0.0.1 (port 443) from /127.0.0.1 (port 38846) after 10000ms: isConnected failed: ECONNREFUSED (Connection refused)
04-28 22:03:12.797  3123  3123 W locuslabs: 	at libcore.io.IoBridge.isConnected(IoBridge.java:278)
04-28 22:03:12.797  3123  3123 W locuslabs: 	at libcore.io.IoBridge.connectErrno(IoBridge.java:187)
04-28 22:03:12.797  3123  3123 W locuslabs: 	at libcore.io.IoBridge.connect(IoBridge.java:129)
04-28 22:03:12.797  3123  3123 W locuslabs: 	at java.net.PlainSocketImpl.socketConnect(PlainSocketImpl.java:137)
04-28 22:03:12.797  3123  3123 W locuslabs: 	at java.net.AbstractPlainSocketImpl.doConnect(AbstractPlainSocketImpl.java:390)
04-28 22:03:12.797  3123  3123 W locuslabs: 	at java.net.AbstractPlainSocketImpl.connectToAddress(AbstractPlainSocketImpl.java:228)
04-28 22:03:12.797  3123  3123 W locuslabs: 	at java.net.AbstractPlainSocketImpl.connect(AbstractPlainSocketImpl.java:212)
04-28 22:03:12.797  3123  3123 W locuslabs: 	at java.net.SocksSocketImpl.connect(SocksSocketImpl.java:436)
04-28 22:03:12.797  3123  3123 W locuslabs: 	at java.net.Socket.connect(Socket.java:621)
04-28 22:03:12.797  3123  3123 W locuslabs: 	at okhttp3.internal.platform.AndroidPlatform.connectSocket(AndroidPlatform.kt:63)
04-28 22:03:12.797  3123  3123 W locuslabs: 	at okhttp3.internal.connection.RealConnection.connectSocket(RealConnection.kt:295)
04-28 22:03:12.797  3123  3123 W locuslabs: 	at okhttp3.internal.connection.RealConnection.connect(RealConnection.kt:207)
04-28 22:03:12.797  3123  3123 W locuslabs: 	at okhttp3.internal.connection.ExchangeFinder.findConnection(ExchangeFinder.kt:226)
04-28 22:03:12.797  3123  3123 W locuslabs: 	at okhttp3.internal.connection.ExchangeFinder.findHealthyConnection(ExchangeFinder.kt:106)
04-28 22:03:12.797  3123  3123 W locuslabs: 	at okhttp3.internal.connection.ExchangeFinder.find(ExchangeFinder.kt:74)
04-28 22:03:12.797  3123  3123 W locuslabs: 	at okhttp3.internal.connection.RealCall.initExchange$okhttp(RealCall.kt:255)
04-28 22:03:12.797  3123  3123 W locuslabs: 	at okhttp3.internal.connection.ConnectInterceptor.intercept(ConnectInterceptor.kt:32)
04-28 22:03:12.797  3123  3123 W locuslabs: 	at okhttp3.internal.http.RealInterceptorChain.proceed(RealInterceptorChain.kt:109)
04-28 22:03:12.797  3123  3123 W locuslabs: 	at okhttp3.internal.cache.CacheInterceptor.intercept(CacheInterceptor.kt:95)
04-28 22:03:12.797  3123  3123 W locuslabs: 	at okhttp3.internal.http.RealInterceptorChain.proceed(RealInterceptorChain.kt:109)
04-28 22:03:12.797  3123  3123 W locuslabs: 	at okhttp3.internal.http.BridgeInterceptor.intercept(BridgeInterceptor.kt:83)
04-28 22:03:12.797  3123  3123 W locuslabs: 	at okhttp3.internal.http.RealInterceptorChain.proceed(RealInterceptorChain.kt:109)
04-28 22:03:12.797  3123  3123 W locuslabs: 	at okhttp3.internal.http.RetryAndFollowUpInterceptor.intercept(RetryAndFollowUpInterceptor.kt:76)
04-28 22:03:12.797  3123  3123 W locuslabs: 	at okhttp3.internal.http.RealInterceptorChain.proceed(RealInterceptorChain.kt:109)
04-28 22:03:12.797  3123  3123 W locuslabs: 	at okhttp3.internal.connection.RealCall.getResponseWithInterceptorChain$okhttp(RealCall.kt:201)
04-28 22:03:12.797  3123  3123 W locuslabs: 	at okhttp3.internal.connection.RealCall$AsyncCall.run(RealCall.kt:517)
04-28 22:03:12.797  3123  3123 W locuslabs: 	at java.util.concurrent.ThreadPoolExecutor.runWorker(ThreadPoolExecutor.java:1167)
04-28 22:03:12.797  3123  3123 W locuslabs: 	at java.util.concurrent.ThreadPoolExecutor$Worker.run(ThreadPoolExecutor.java:641)
04-28 22:03:12.797  3123  3123 W locuslabs: 	at java.lang.Thread.run(Thread.java:764)
04-28 22:03:12.797  3123  3123 W locuslabs: Caused by: android.system.ErrnoException: isConnected failed: ECONNREFUSED (Connection refused)
04-28 22:03:12.797  3123  3123 W locuslabs: 	at libcore.io.IoBridge.isConnected(IoBridge.java:267)
04-28 22:03:12.797  3123  3123 W locuslabs: 	... 28 more
04-28 22:03:12.797  3123  3123 W locuslabs: |
04-28 22:17:23.945  3123  3123 W QM Native SDK: Capture is currently uninitialized. Please call initialize and start first.
04-28 22:17:23.954  3123  3123 W BMP:MotionListener: Unreliable motion sensors data...
04-28 22:17:23.956  3123  3123 W BMP:OrientationListener: Unreliable orientation sensor data...
04-28 22:17:23.993  3123  3218 D EGL_emulation: eglMakeCurrent: 0x797bb9bf8ce0: ver 2 0 (tinfo 0x797bb00e35c0)
04-28 22:17:24.581  3123  3123 W BMP:MotionListener: Unreliable motion sensors data...
04-28 22:17:24.582  3123  3123 W BMP:OrientationListener: Unreliable orientation sensor data...
04-28 22:18:12.814  3123  3123 W locuslabs: LocusMaps warning stack trace: |java.net.ConnectException: Failed to connect to rest.locuslabs.com/:::443
04-28 22:18:12.814  3123  3123 W locuslabs: 	at okhttp3.internal.connection.RealConnection.connectSocket(RealConnection.kt:297)
04-28 22:18:12.814  3123  3123 W locuslabs: 	at okhttp3.internal.connection.RealConnection.connect(RealConnection.kt:207)
04-28 22:18:12.814  3123  3123 W locuslabs: 	at okhttp3.internal.connection.ExchangeFinder.findConnection(ExchangeFinder.kt:226)
04-28 22:18:12.814  3123  3123 W locuslabs: 	at okhttp3.internal.connection.ExchangeFinder.findHealthyConnection(ExchangeFinder.kt:106)
